E:/GoodSync/Proyectos/Etiquetadora/STM32/CANBusTester/TouchGFX/target/generated/nema_hal.c:58:6:HAL_GPU2D_CommandListCpltCallback	16	static
E:/GoodSync/Proyectos/Etiquetadora/STM32/CANBusTester/TouchGFX/target/generated/nema_hal.c:70:6:HAL_GPU2D_ErrorCallback	24	static
E:/GoodSync/Proyectos/Etiquetadora/STM32/CANBusTester/TouchGFX/target/generated/nema_hal.c:78:9:nema_sys_init	48	static
E:/GoodSync/Proyectos/Etiquetadora/STM32/CANBusTester/TouchGFX/target/generated/nema_hal.c:113:10:nema_reg_read	16	static
E:/GoodSync/Proyectos/Etiquetadora/STM32/CANBusTester/TouchGFX/target/generated/nema_hal.c:118:6:nema_reg_write	16	static
E:/GoodSync/Proyectos/Etiquetadora/STM32/CANBusTester/TouchGFX/target/generated/nema_hal.c:123:5:nema_wait_irq	8	static
E:/GoodSync/Proyectos/Etiquetadora/STM32/CANBusTester/TouchGFX/target/generated/nema_hal.c:131:5:nema_wait_irq_cl	16	static
E:/GoodSync/Proyectos/Etiquetadora/STM32/CANBusTester/TouchGFX/target/generated/nema_hal.c:141:5:nema_wait_irq_brk	16	static
E:/GoodSync/Proyectos/Etiquetadora/STM32/CANBusTester/TouchGFX/target/generated/nema_hal.c:151:6:nema_host_free	16	static
E:/GoodSync/Proyectos/Etiquetadora/STM32/CANBusTester/TouchGFX/target/generated/nema_hal.c:156:7:nema_host_malloc	16	static
E:/GoodSync/Proyectos/Etiquetadora/STM32/CANBusTester/TouchGFX/target/generated/nema_hal.c:161:15:nema_buffer_create	40	static
E:/GoodSync/Proyectos/Etiquetadora/STM32/CANBusTester/TouchGFX/target/generated/nema_hal.c:173:15:nema_buffer_create_pool	24	static
E:/GoodSync/Proyectos/Etiquetadora/STM32/CANBusTester/TouchGFX/target/generated/nema_hal.c:181:7:nema_buffer_map	16	static
E:/GoodSync/Proyectos/Etiquetadora/STM32/CANBusTester/TouchGFX/target/generated/nema_hal.c:186:6:nema_buffer_unmap	16	static
E:/GoodSync/Proyectos/Etiquetadora/STM32/CANBusTester/TouchGFX/target/generated/nema_hal.c:192:6:nema_buffer_destroy	16	static
E:/GoodSync/Proyectos/Etiquetadora/STM32/CANBusTester/TouchGFX/target/generated/nema_hal.c:207:11:nema_buffer_phys	16	static
E:/GoodSync/Proyectos/Etiquetadora/STM32/CANBusTester/TouchGFX/target/generated/nema_hal.c:212:6:nema_buffer_flush	16	static
E:/GoodSync/Proyectos/Etiquetadora/STM32/CANBusTester/TouchGFX/target/generated/nema_hal.c:218:5:nema_mutex_lock	24	static
E:/GoodSync/Proyectos/Etiquetadora/STM32/CANBusTester/TouchGFX/target/generated/nema_hal.c:230:5:nema_mutex_unlock	24	static
