E:/GoodSync/Proyectos/Etiquetadora/STM32/CANBusTester/Core/Src/main.c:90:5:main	3
E:/GoodSync/Proyectos/Etiquetadora/STM32/CANBusTester/Core/Src/main.c:200:6:SystemClock_Config	4
E:/GoodSync/Proyectos/Etiquetadora/STM32/CANBusTester/Core/Src/main.c:269:6:PeriphCommonClock_Config	1
E:/GoodSync/Proyectos/Etiquetadora/STM32/CANBusTester/Core/Src/main.c:277:13:SystemPower_Config	2
E:/GoodSync/Proyectos/Etiquetadora/STM32/CANBusTester/Core/Src/main.c:315:13:MX_NVIC_Init	1
E:/GoodSync/Proyectos/Etiquetadora/STM32/CANBusTester/Core/Src/main.c:334:6:HAL_TIM_PeriodElapsedCallback	2
E:/GoodSync/Proyectos/Etiquetadora/STM32/CANBusTester/Core/Src/main.c:352:6:Error_Handler	1
